{"event": "document_access", "user_id": "eval_user_1", "role": "engineer", "doc_id": "doc_internal_012", "doc_category": "Internal", "decision": "allowed", "reason": "", "timestamp": "2026-05-05T19:21:24.101311+00:00"}
{"event": "document_access", "user_id": "eval_user_1", "role": "engineer", "doc_id": "doc_fin_001", "doc_category": "Finance", "decision": "denied", "reason": "role 'engineer' cannot access category 'Finance'", "timestamp": "2026-05-05T19:21:24.101489+00:00"}
{"event": "document_access", "user_id": "eval_user_1", "role": "engineer", "doc_id": "doc_fin_002", "doc_category": "Finance", "decision": "denied", "reason": "role 'engineer' cannot access category 'Finance'", "timestamp": "2026-05-05T19:21:24.101515+00:00"}
{"event": "document_access", "user_id": "eval_user_6", "role": "hr", "doc_id": "doc_hr_003", "doc_category": "HR", "decision": "allowed", "reason": "", "timestamp": "2026-05-05T19:21:24.191902+00:00"}
{"event": "document_access", "user_id": "eval_user_6", "role": "hr", "doc_id": "doc_ops_001", "doc_category": "Operations", "decision": "denied", "reason": "role 'hr' cannot access category 'Operations'", "timestamp": "2026-05-05T19:21:24.191962+00:00"}
{"event": "document_access", "user_id": "eval_user_8", "role": "engineer", "doc_id": "doc_ops_001", "doc_category": "Operations", "decision": "allowed", "reason": "", "timestamp": "2026-05-05T19:21:24.253148+00:00"}
{"event": "document_access", "user_id": "eval_user_8", "role": "engineer", "doc_id": "doc_gen_001", "doc_category": "Company", "decision": "allowed", "reason": "", "timestamp": "2026-05-05T19:21:24.253199+00:00"}
{"event": "document_access", "user_id": "eval_user_8", "role": "engineer", "doc_id": "doc_hr_001", "doc_category": "HR", "decision": "denied", "reason": "role 'engineer' cannot access category 'HR'", "timestamp": "2026-05-05T19:21:24.253217+00:00"}
{"event": "document_access", "user_id": "eval_user_10", "role": "engineer", "doc_id": "doc_compliance_001", "doc_category": "Compliance", "decision": "allowed", "reason": "", "timestamp": "2026-05-05T19:21:24.254469+00:00"}
{"event": "document_access", "user_id": "eval_user_10", "role": "engineer", "doc_id": "doc_hr_001", "doc_category": "HR", "decision": "denied", "reason": "role 'engineer' cannot access category 'HR'", "timestamp": "2026-05-05T19:21:24.254498+00:00"}
{"event": "document_access", "user_id": "eval_user_10", "role": "engineer", "doc_id": "doc_hr_003", "doc_category": "HR", "decision": "denied", "reason": "role 'engineer' cannot access category 'HR'", "timestamp": "2026-05-05T19:21:24.254517+00:00"}
{"event": "document_access", "user_id": "eval_user_1", "role": "engineer", "doc_id": "doc_internal_012", "doc_category": "Internal", "decision": "allowed", "reason": "", "timestamp": "2026-05-05T19:21:25.002235+00:00"}
{"event": "document_access", "user_id": "eval_user_1", "role": "engineer", "doc_id": "doc_fin_001", "doc_category": "Finance", "decision": "denied", "reason": "role 'engineer' cannot access category 'Finance'", "timestamp": "2026-05-05T19:21:25.002466+00:00"}
{"event": "document_access", "user_id": "eval_user_1", "role": "engineer", "doc_id": "doc_fin_002", "doc_category": "Finance", "decision": "denied", "reason": "role 'engineer' cannot access category 'Finance'", "timestamp": "2026-05-05T19:21:25.002493+00:00"}
{"event": "document_access", "user_id": "eval_user_6", "role": "hr", "doc_id": "doc_hr_003", "doc_category": "HR", "decision": "allowed", "reason": "", "timestamp": "2026-05-05T19:21:25.070673+00:00"}
{"event": "document_access", "user_id": "eval_user_6", "role": "hr", "doc_id": "doc_ops_001", "doc_category": "Operations", "decision": "denied", "reason": "role 'hr' cannot access category 'Operations'", "timestamp": "2026-05-05T19:21:25.070732+00:00"}
{"event": "document_access", "user_id": "eval_user_8", "role": "engineer", "doc_id": "doc_ops_001", "doc_category": "Operations", "decision": "allowed", "reason": "", "timestamp": "2026-05-05T19:21:25.131111+00:00"}
{"event": "document_access", "user_id": "eval_user_8", "role": "engineer", "doc_id": "doc_gen_001", "doc_category": "Company", "decision": "allowed", "reason": "", "timestamp": "2026-05-05T19:21:25.131182+00:00"}
{"event": "document_access", "user_id": "eval_user_8", "role": "engineer", "doc_id": "doc_hr_001", "doc_category": "HR", "decision": "denied", "reason": "role 'engineer' cannot access category 'HR'", "timestamp": "2026-05-05T19:21:25.131206+00:00"}
{"event": "document_access", "user_id": "eval_user_10", "role": "engineer", "doc_id": "doc_compliance_001", "doc_category": "Compliance", "decision": "allowed", "reason": "", "timestamp": "2026-05-05T19:21:25.132482+00:00"}
{"event": "document_access", "user_id": "eval_user_10", "role": "engineer", "doc_id": "doc_hr_001", "doc_category": "HR", "decision": "denied", "reason": "role 'engineer' cannot access category 'HR'", "timestamp": "2026-05-05T19:21:25.132509+00:00"}
{"event": "document_access", "user_id": "eval_user_10", "role": "engineer", "doc_id": "doc_hr_003", "doc_category": "HR", "decision": "denied", "reason": "role 'engineer' cannot access category 'HR'", "timestamp": "2026-05-05T19:21:25.132528+00:00"}
{"event": "document_access", "user_id": "eval_user_1", "role": "engineer", "doc_id": "doc_internal_012", "doc_category": "Internal", "decision": "allowed", "reason": "", "timestamp": "2026-05-05T19:30:45.842024+00:00"}
{"event": "document_access", "user_id": "eval_user_1", "role": "engineer", "doc_id": "doc_fin_001", "doc_category": "Finance", "decision": "denied", "reason": "role 'engineer' cannot access category 'Finance'", "timestamp": "2026-05-05T19:30:45.842228+00:00"}
{"event": "document_access", "user_id": "eval_user_1", "role": "engineer", "doc_id": "doc_fin_002", "doc_category": "Finance", "decision": "denied", "reason": "role 'engineer' cannot access category 'Finance'", "timestamp": "2026-05-05T19:30:45.842256+00:00"}
{"event": "document_access", "user_id": "eval_user_6", "role": "hr", "doc_id": "doc_hr_003", "doc_category": "HR", "decision": "allowed", "reason": "", "timestamp": "2026-05-05T19:30:45.908847+00:00"}
{"event": "document_access", "user_id": "eval_user_6", "role": "hr", "doc_id": "doc_ops_001", "doc_category": "Operations", "decision": "denied", "reason": "role 'hr' cannot access category 'Operations'", "timestamp": "2026-05-05T19:30:45.908907+00:00"}
{"event": "document_access", "user_id": "eval_user_8", "role": "engineer", "doc_id": "doc_ops_001", "doc_category": "Operations", "decision": "allowed", "reason": "", "timestamp": "2026-05-05T19:30:45.968140+00:00"}
{"event": "document_access", "user_id": "eval_user_8", "role": "engineer", "doc_id": "doc_gen_001", "doc_category": "Company", "decision": "allowed", "reason": "", "timestamp": "2026-05-05T19:30:45.968198+00:00"}
{"event": "document_access", "user_id": "eval_user_8", "role": "engineer", "doc_id": "doc_hr_001", "doc_category": "HR", "decision": "denied", "reason": "role 'engineer' cannot access category 'HR'", "timestamp": "2026-05-05T19:30:45.968218+00:00"}
{"event": "document_access", "user_id": "eval_user_10", "role": "engineer", "doc_id": "doc_compliance_001", "doc_category": "Compliance", "decision": "allowed", "reason": "", "timestamp": "2026-05-05T19:30:45.969490+00:00"}
{"event": "document_access", "user_id": "eval_user_10", "role": "engineer", "doc_id": "doc_hr_001", "doc_category": "HR", "decision": "denied", "reason": "role 'engineer' cannot access category 'HR'", "timestamp": "2026-05-05T19:30:45.969516+00:00"}
{"event": "document_access", "user_id": "eval_user_10", "role": "engineer", "doc_id": "doc_hr_003", "doc_category": "HR", "decision": "denied", "reason": "role 'engineer' cannot access category 'HR'", "timestamp": "2026-05-05T19:30:45.969534+00:00"}
{"event": "document_access", "user_id": "eval_user_1", "role": "engineer", "doc_id": "doc_fin_001_v4", "doc_category": "Finance", "decision": "denied", "reason": "role 'engineer' cannot access category 'Finance'", "timestamp": "2026-05-05T19:30:46.715868+00:00"}
{"event": "document_access", "user_id": "eval_user_1", "role": "engineer", "doc_id": "doc_fin_001_v8", "doc_category": "Finance", "decision": "denied", "reason": "role 'engineer' cannot access category 'Finance'", "timestamp": "2026-05-05T19:30:46.716126+00:00"}
{"event": "document_access", "user_id": "eval_user_1", "role": "engineer", "doc_id": "doc_fin_001_v2", "doc_category": "Finance", "decision": "denied", "reason": "role 'engineer' cannot access category 'Finance'", "timestamp": "2026-05-05T19:30:46.716157+00:00"}
{"event": "document_access", "user_id": "eval_user_6", "role": "hr", "doc_id": "misleading_5", "doc_category": "HR", "decision": "allowed", "reason": "", "timestamp": "2026-05-05T19:30:46.783990+00:00"}
{"event": "document_access", "user_id": "eval_user_6", "role": "hr", "doc_id": "misleading_3", "doc_category": "Finance", "decision": "denied", "reason": "role 'hr' cannot access category 'Finance'", "timestamp": "2026-05-05T19:30:46.784051+00:00"}
{"event": "document_access", "user_id": "eval_user_8", "role": "engineer", "doc_id": "doc_ops_001_v5", "doc_category": "Operations", "decision": "allowed", "reason": "", "timestamp": "2026-05-05T19:30:46.843591+00:00"}
{"event": "document_access", "user_id": "eval_user_8", "role": "engineer", "doc_id": "doc_ops_001_v2", "doc_category": "Operations", "decision": "allowed", "reason": "", "timestamp": "2026-05-05T19:30:46.843652+00:00"}
{"event": "document_access", "user_id": "eval_user_8", "role": "engineer", "doc_id": "doc_ops_001_v4", "doc_category": "Operations", "decision": "allowed", "reason": "", "timestamp": "2026-05-05T19:30:46.843675+00:00"}
{"event": "document_access", "user_id": "eval_user_10", "role": "engineer", "doc_id": "doc_compliance_001_v2", "doc_category": "Compliance", "decision": "allowed", "reason": "", "timestamp": "2026-05-05T19:30:46.845228+00:00"}
{"event": "document_access", "user_id": "eval_user_10", "role": "engineer", "doc_id": "doc_compliance_001_v3", "doc_category": "Compliance", "decision": "allowed", "reason": "", "timestamp": "2026-05-05T19:30:46.845254+00:00"}
{"event": "document_access", "user_id": "eval_user_10", "role": "engineer", "doc_id": "doc_compliance_001_v9", "doc_category": "Compliance", "decision": "allowed", "reason": "", "timestamp": "2026-05-05T19:30:46.845271+00:00"}
{"event": "document_access", "user_id": "eval_user_1", "role": "engineer", "doc_id": "incomplete_1", "doc_category": "Internal", "decision": "allowed", "reason": "", "timestamp": "2026-05-05T19:30:47.567193+00:00"}
{"event": "document_access", "user_id": "eval_user_1", "role": "engineer", "doc_id": "doc_fin_001", "doc_category": "Finance", "decision": "denied", "reason": "role 'engineer' cannot access category 'Finance'", "timestamp": "2026-05-05T19:30:47.567385+00:00"}
{"event": "document_access", "user_id": "eval_user_1", "role": "engineer", "doc_id": "doc_fin_002", "doc_category": "Finance", "decision": "denied", "reason": "role 'engineer' cannot access category 'Finance'", "timestamp": "2026-05-05T19:30:47.567412+00:00"}
{"event": "document_access", "user_id": "eval_user_6", "role": "hr", "doc_id": "doc_hr_003", "doc_category": "HR", "decision": "allowed", "reason": "", "timestamp": "2026-05-05T19:30:47.635175+00:00"}
{"event": "document_access", "user_id": "eval_user_6", "role": "hr", "doc_id": "misleading_7", "doc_category": "HR", "decision": "allowed", "reason": "", "timestamp": "2026-05-05T19:30:47.635232+00:00"}
{"event": "document_access", "user_id": "eval_user_8", "role": "engineer", "doc_id": "doc_ops_001", "doc_category": "Operations", "decision": "allowed", "reason": "", "timestamp": "2026-05-05T19:30:47.694976+00:00"}
{"event": "document_access", "user_id": "eval_user_8", "role": "engineer", "doc_id": "doc_eng_001_summary_1", "doc_category": "Engineering", "decision": "allowed", "reason": "", "timestamp": "2026-05-05T19:30:47.695034+00:00"}
{"event": "document_access", "user_id": "eval_user_8", "role": "engineer", "doc_id": "doc_hr_001", "doc_category": "HR", "decision": "denied", "reason": "role 'engineer' cannot access category 'HR'", "timestamp": "2026-05-05T19:30:47.695053+00:00"}
{"event": "document_access", "user_id": "eval_user_10", "role": "engineer", "doc_id": "doc_compliance_001", "doc_category": "Compliance", "decision": "allowed", "reason": "", "timestamp": "2026-05-05T19:30:47.696391+00:00"}
{"event": "document_access", "user_id": "eval_user_10", "role": "engineer", "doc_id": "doc_eng_001_summary_1", "doc_category": "Engineering", "decision": "allowed", "reason": "", "timestamp": "2026-05-05T19:30:47.696420+00:00"}
{"event": "document_access", "user_id": "eval_user_10", "role": "engineer", "doc_id": "doc_hr_001", "doc_category": "HR", "decision": "denied", "reason": "role 'engineer' cannot access category 'HR'", "timestamp": "2026-05-05T19:30:47.696437+00:00"}
{"event": "document_access", "user_id": "eval_user_1", "role": "engineer", "doc_id": "doc_internal_012", "doc_category": "Internal", "decision": "allowed", "reason": "", "timestamp": "2026-05-05T19:34:08.113350+00:00"}
{"event": "document_access", "user_id": "eval_user_1", "role": "engineer", "doc_id": "doc_fin_001", "doc_category": "Finance", "decision": "denied", "reason": "role 'engineer' cannot access category 'Finance'", "timestamp": "2026-05-05T19:34:08.113716+00:00"}
{"event": "document_access", "user_id": "eval_user_1", "role": "engineer", "doc_id": "doc_fin_002", "doc_category": "Finance", "decision": "denied", "reason": "role 'engineer' cannot access category 'Finance'", "timestamp": "2026-05-05T19:34:08.113754+00:00"}
{"event": "document_access", "user_id": "eval_user_6", "role": "hr", "doc_id": "doc_hr_003", "doc_category": "HR", "decision": "allowed", "reason": "", "timestamp": "2026-05-05T19:34:08.182768+00:00"}
{"event": "document_access", "user_id": "eval_user_6", "role": "hr", "doc_id": "doc_ops_001", "doc_category": "Operations", "decision": "denied", "reason": "role 'hr' cannot access category 'Operations'", "timestamp": "2026-05-05T19:34:08.182831+00:00"}
{"event": "document_access", "user_id": "eval_user_8", "role": "engineer", "doc_id": "doc_ops_001", "doc_category": "Operations", "decision": "allowed", "reason": "", "timestamp": "2026-05-05T19:34:08.242162+00:00"}
{"event": "document_access", "user_id": "eval_user_8", "role": "engineer", "doc_id": "doc_gen_001", "doc_category": "Company", "decision": "allowed", "reason": "", "timestamp": "2026-05-05T19:34:08.242222+00:00"}
{"event": "document_access", "user_id": "eval_user_8", "role": "engineer", "doc_id": "doc_hr_001", "doc_category": "HR", "decision": "denied", "reason": "role 'engineer' cannot access category 'HR'", "timestamp": "2026-05-05T19:34:08.242243+00:00"}
{"event": "document_access", "user_id": "eval_user_10", "role": "engineer", "doc_id": "doc_compliance_001", "doc_category": "Compliance", "decision": "allowed", "reason": "", "timestamp": "2026-05-05T19:34:08.243502+00:00"}
{"event": "document_access", "user_id": "eval_user_10", "role": "engineer", "doc_id": "doc_hr_001", "doc_category": "HR", "decision": "denied", "reason": "role 'engineer' cannot access category 'HR'", "timestamp": "2026-05-05T19:34:08.243530+00:00"}
{"event": "document_access", "user_id": "eval_user_10", "role": "engineer", "doc_id": "doc_hr_003", "doc_category": "HR", "decision": "denied", "reason": "role 'engineer' cannot access category 'HR'", "timestamp": "2026-05-05T19:34:08.243550+00:00"}
{"event": "document_access", "user_id": "eval_user_1", "role": "engineer", "doc_id": "doc_fin_001_v4", "doc_category": "Finance", "decision": "denied", "reason": "role 'engineer' cannot access category 'Finance'", "timestamp": "2026-05-05T19:34:08.980206+00:00"}
{"event": "document_access", "user_id": "eval_user_1", "role": "engineer", "doc_id": "doc_fin_001_v8", "doc_category": "Finance", "decision": "denied", "reason": "role 'engineer' cannot access category 'Finance'", "timestamp": "2026-05-05T19:34:08.980455+00:00"}
{"event": "document_access", "user_id": "eval_user_1", "role": "engineer", "doc_id": "doc_fin_001_v2", "doc_category": "Finance", "decision": "denied", "reason": "role 'engineer' cannot access category 'Finance'", "timestamp": "2026-05-05T19:34:08.980481+00:00"}
{"event": "document_access", "user_id": "eval_user_6", "role": "hr", "doc_id": "misleading_5", "doc_category": "HR", "decision": "allowed", "reason": "", "timestamp": "2026-05-05T19:34:09.047535+00:00"}
{"event": "document_access", "user_id": "eval_user_6", "role": "hr", "doc_id": "misleading_3", "doc_category": "Finance", "decision": "denied", "reason": "role 'hr' cannot access category 'Finance'", "timestamp": "2026-05-05T19:34:09.047599+00:00"}
{"event": "document_access", "user_id": "eval_user_8", "role": "engineer", "doc_id": "doc_ops_001_v5", "doc_category": "Operations", "decision": "allowed", "reason": "", "timestamp": "2026-05-05T19:34:09.107594+00:00"}
{"event": "document_access", "user_id": "eval_user_8", "role": "engineer", "doc_id": "doc_ops_001_v2", "doc_category": "Operations", "decision": "allowed", "reason": "", "timestamp": "2026-05-05T19:34:09.107652+00:00"}
{"event": "document_access", "user_id": "eval_user_8", "role": "engineer", "doc_id": "doc_ops_001_v4", "doc_category": "Operations", "decision": "allowed", "reason": "", "timestamp": "2026-05-05T19:34:09.107671+00:00"}
{"event": "document_access", "user_id": "eval_user_10", "role": "engineer", "doc_id": "doc_compliance_001_v2", "doc_category": "Compliance", "decision": "allowed", "reason": "", "timestamp": "2026-05-05T19:34:09.109180+00:00"}
{"event": "document_access", "user_id": "eval_user_10", "role": "engineer", "doc_id": "doc_compliance_001_v3", "doc_category": "Compliance", "decision": "allowed", "reason": "", "timestamp": "2026-05-05T19:34:09.109202+00:00"}
{"event": "document_access", "user_id": "eval_user_10", "role": "engineer", "doc_id": "doc_compliance_001_v9", "doc_category": "Compliance", "decision": "allowed", "reason": "", "timestamp": "2026-05-05T19:34:09.109216+00:00"}
{"event": "document_access", "user_id": "eval_user_1", "role": "engineer", "doc_id": "incomplete_1", "doc_category": "Internal", "decision": "allowed", "reason": "", "timestamp": "2026-05-05T19:34:09.878327+00:00"}
{"event": "document_access", "user_id": "eval_user_1", "role": "engineer", "doc_id": "doc_fin_001", "doc_category": "Finance", "decision": "denied", "reason": "role 'engineer' cannot access category 'Finance'", "timestamp": "2026-05-05T19:34:09.878522+00:00"}
{"event": "document_access", "user_id": "eval_user_1", "role": "engineer", "doc_id": "doc_fin_002", "doc_category": "Finance", "decision": "denied", "reason": "role 'engineer' cannot access category 'Finance'", "timestamp": "2026-05-05T19:34:09.878545+00:00"}
{"event": "document_access", "user_id": "eval_user_6", "role": "hr", "doc_id": "doc_hr_003", "doc_category": "HR", "decision": "allowed", "reason": "", "timestamp": "2026-05-05T19:34:09.950193+00:00"}
{"event": "document_access", "user_id": "eval_user_6", "role": "hr", "doc_id": "misleading_7", "doc_category": "HR", "decision": "allowed", "reason": "", "timestamp": "2026-05-05T19:34:09.950292+00:00"}
{"event": "document_access", "user_id": "eval_user_8", "role": "engineer", "doc_id": "doc_ops_001", "doc_category": "Operations", "decision": "allowed", "reason": "", "timestamp": "2026-05-05T19:34:10.014183+00:00"}
{"event": "document_access", "user_id": "eval_user_8", "role": "engineer", "doc_id": "doc_eng_001_summary_1", "doc_category": "Engineering", "decision": "allowed", "reason": "", "timestamp": "2026-05-05T19:34:10.014259+00:00"}
{"event": "document_access", "user_id": "eval_user_8", "role": "engineer", "doc_id": "doc_hr_001", "doc_category": "HR", "decision": "denied", "reason": "role 'engineer' cannot access category 'HR'", "timestamp": "2026-05-05T19:34:10.014292+00:00"}
{"event": "document_access", "user_id": "eval_user_10", "role": "engineer", "doc_id": "doc_compliance_001", "doc_category": "Compliance", "decision": "allowed", "reason": "", "timestamp": "2026-05-05T19:34:10.016021+00:00"}
{"event": "document_access", "user_id": "eval_user_10", "role": "engineer", "doc_id": "doc_eng_001_summary_1", "doc_category": "Engineering", "decision": "allowed", "reason": "", "timestamp": "2026-05-05T19:34:10.016074+00:00"}
{"event": "document_access", "user_id": "eval_user_10", "role": "engineer", "doc_id": "doc_hr_001", "doc_category": "HR", "decision": "denied", "reason": "role 'engineer' cannot access category 'HR'", "timestamp": "2026-05-05T19:34:10.016095+00:00"}
