{"event": "document_access", "user_id": "test_user", "role": "engineer", "doc_id": "doc_internal_048", "doc_category": "Internal", "decision": "allowed", "reason": "", "timestamp": "2026-05-05T02:29:48.020816+00:00"}
{"event": "document_access", "user_id": "test_user", "role": "engineer", "doc_id": "doc_internal_007", "doc_category": "Internal", "decision": "allowed", "reason": "", "timestamp": "2026-05-05T02:29:48.021037+00:00"}
{"event": "document_access", "user_id": "test_user", "role": "engineer", "doc_id": "doc_fin_001", "doc_category": "Finance", "decision": "denied", "reason": "role 'engineer' cannot access category 'Finance'", "timestamp": "2026-05-05T02:29:48.021062+00:00"}
{"event": "document_access", "user_id": "test_user", "role": "engineer", "doc_id": "doc_internal_048", "doc_category": "Internal", "decision": "allowed", "reason": "", "timestamp": "2026-05-05T02:29:48.022289+00:00"}
{"event": "document_access", "user_id": "test_user", "role": "engineer", "doc_id": "doc_internal_007", "doc_category": "Internal", "decision": "allowed", "reason": "", "timestamp": "2026-05-05T02:29:48.022329+00:00"}
{"event": "document_access", "user_id": "test_user", "role": "engineer", "doc_id": "doc_fin_001", "doc_category": "Finance", "decision": "denied", "reason": "role 'engineer' cannot access category 'Finance'", "timestamp": "2026-05-05T02:29:48.022348+00:00"}
{"event": "document_access", "user_id": "test_user", "role": "hr", "doc_id": "doc_hr_003", "doc_category": "HR", "decision": "allowed", "reason": "", "timestamp": "2026-05-05T02:29:48.164790+00:00"}
{"event": "document_access", "user_id": "test_user", "role": "hr", "doc_id": "doc_sales_009", "doc_category": "Sales", "decision": "denied", "reason": "role 'hr' cannot access category 'Sales'", "timestamp": "2026-05-05T02:29:48.164840+00:00"}
{"event": "document_access", "user_id": "test_user", "role": "engineer", "doc_id": "doc_internal_048", "doc_category": "Internal", "decision": "allowed", "reason": "", "timestamp": "2026-05-05T02:29:48.180611+00:00"}
{"event": "document_access", "user_id": "test_user", "role": "engineer", "doc_id": "doc_internal_007", "doc_category": "Internal", "decision": "allowed", "reason": "", "timestamp": "2026-05-05T02:29:48.180666+00:00"}
{"event": "document_access", "user_id": "test_user", "role": "engineer", "doc_id": "doc_hr_003", "doc_category": "HR", "decision": "denied", "reason": "role 'engineer' cannot access category 'HR'", "timestamp": "2026-05-05T02:29:48.180685+00:00"}
{"event": "document_access", "user_id": "test_user", "role": "engineer", "doc_id": "doc_internal_048", "doc_category": "Internal", "decision": "allowed", "reason": "", "timestamp": "2026-05-05T02:29:48.181538+00:00"}
{"event": "document_access", "user_id": "test_user", "role": "engineer", "doc_id": "doc_internal_007", "doc_category": "Internal", "decision": "allowed", "reason": "", "timestamp": "2026-05-05T02:29:48.181564+00:00"}
{"event": "document_access", "user_id": "test_user", "role": "engineer", "doc_id": "doc_hr_003", "doc_category": "HR", "decision": "denied", "reason": "role 'engineer' cannot access category 'HR'", "timestamp": "2026-05-05T02:29:48.181581+00:00"}
{"event": "document_access", "user_id": "test_user", "role": "engineer", "doc_id": "doc_internal_048", "doc_category": "Internal", "decision": "allowed", "reason": "", "timestamp": "2026-05-05T02:33:30.965586+00:00"}
{"event": "document_access", "user_id": "test_user", "role": "engineer", "doc_id": "doc_internal_007", "doc_category": "Internal", "decision": "allowed", "reason": "", "timestamp": "2026-05-05T02:33:30.965803+00:00"}
{"event": "document_access", "user_id": "test_user", "role": "engineer", "doc_id": "doc_fin_001", "doc_category": "Finance", "decision": "denied", "reason": "role 'engineer' cannot access category 'Finance'", "timestamp": "2026-05-05T02:33:30.965827+00:00"}
{"event": "document_access", "user_id": "test_user", "role": "engineer", "doc_id": "doc_internal_048", "doc_category": "Internal", "decision": "allowed", "reason": "", "timestamp": "2026-05-05T02:33:30.966762+00:00"}
{"event": "document_access", "user_id": "test_user", "role": "engineer", "doc_id": "doc_internal_007", "doc_category": "Internal", "decision": "allowed", "reason": "", "timestamp": "2026-05-05T02:33:30.966795+00:00"}
{"event": "document_access", "user_id": "test_user", "role": "engineer", "doc_id": "doc_fin_001", "doc_category": "Finance", "decision": "denied", "reason": "role 'engineer' cannot access category 'Finance'", "timestamp": "2026-05-05T02:33:30.966811+00:00"}
{"event": "document_access", "user_id": "test_user", "role": "hr", "doc_id": "doc_hr_003", "doc_category": "HR", "decision": "allowed", "reason": "", "timestamp": "2026-05-05T02:33:31.084844+00:00"}
{"event": "document_access", "user_id": "test_user", "role": "hr", "doc_id": "doc_sales_009", "doc_category": "Sales", "decision": "denied", "reason": "role 'hr' cannot access category 'Sales'", "timestamp": "2026-05-05T02:33:31.084910+00:00"}
{"event": "document_access", "user_id": "test_user", "role": "engineer", "doc_id": "doc_internal_048", "doc_category": "Internal", "decision": "allowed", "reason": "", "timestamp": "2026-05-05T02:33:31.101631+00:00"}
{"event": "document_access", "user_id": "test_user", "role": "engineer", "doc_id": "doc_internal_007", "doc_category": "Internal", "decision": "allowed", "reason": "", "timestamp": "2026-05-05T02:33:31.101688+00:00"}
{"event": "document_access", "user_id": "test_user", "role": "engineer", "doc_id": "doc_hr_003", "doc_category": "HR", "decision": "denied", "reason": "role 'engineer' cannot access category 'HR'", "timestamp": "2026-05-05T02:33:31.101707+00:00"}
{"event": "document_access", "user_id": "test_user", "role": "engineer", "doc_id": "doc_internal_048", "doc_category": "Internal", "decision": "allowed", "reason": "", "timestamp": "2026-05-05T02:33:31.102510+00:00"}
{"event": "document_access", "user_id": "test_user", "role": "engineer", "doc_id": "doc_internal_007", "doc_category": "Internal", "decision": "allowed", "reason": "", "timestamp": "2026-05-05T02:33:31.102532+00:00"}
{"event": "document_access", "user_id": "test_user", "role": "engineer", "doc_id": "doc_hr_003", "doc_category": "HR", "decision": "denied", "reason": "role 'engineer' cannot access category 'HR'", "timestamp": "2026-05-05T02:33:31.102553+00:00"}
